device=cpu  maze=small 11x13  ghosts=1  params=1,232,053
step      312  ep    20  avg_return(last 20)   -487.6  eps 0.990  loss nan  8,439 steps/s
step      596  ep    40  avg_return(last 20)   -491.7  eps 0.981  loss nan  9,739 steps/s
step      855  ep    60  avg_return(last 20)   -488.4  eps 0.973  loss nan  10,266 steps/s
step    1,164  ep    80  avg_return(last 20)   -486.9  eps 0.963  loss nan  10,634 steps/s
step    1,476  ep   100  avg_return(last 20)   -486.6  eps 0.953  loss nan  10,905 steps/s
step    1,752  ep   120  avg_return(last 20)   -488.8  eps 0.945  loss nan  11,009 steps/s
step    1,972  ep   140  avg_return(last 20)   -489.5  eps 0.938  loss nan  11,230 steps/s
step    2,260  ep   160  avg_return(last 20)   -492.9  eps 0.928  loss 0.3364  727 steps/s
step    2,525  ep   180  avg_return(last 20)   -488.2  eps 0.920  loss 0.3720  427 steps/s
step    2,760  ep   200  avg_return(last 20)   -479.8  eps 0.913  loss 0.3722  336 steps/s
step    3,005  ep   220  avg_return(last 20)   -483.2  eps 0.905  loss 0.0031  282 steps/s
step    3,283  ep   240  avg_return(last 20)   -493.9  eps 0.896  loss 0.4149  246 steps/s
step    3,527  ep   260  avg_return(last 20)   -489.2  eps 0.888  loss 0.3440  225 steps/s
step    3,804  ep   280  avg_return(last 20)   -481.9  eps 0.880  loss 0.4671  207 steps/s
step    4,073  ep   300  avg_return(last 20)   -491.4  eps 0.871  loss 0.2715  194 steps/s
step    4,355  ep   320  avg_return(last 20)   -491.1  eps 0.862  loss 0.2564  183 steps/s
step    4,631  ep   340  avg_return(last 20)   -489.8  eps 0.853  loss 0.3858  174 steps/s
step    4,884  ep   360  avg_return(last 20)   -478.1  eps 0.845  loss 0.3212  168 steps/s
step    5,189  ep   380  avg_return(last 20)   -478.8  eps 0.836  loss 0.1136  162 steps/s
step    5,430  ep   400  avg_return(last 20)   -485.1  eps 0.828  loss 0.1020  158 steps/s
step    5,712  ep   420  avg_return(last 20)   -491.1  eps 0.819  loss 0.0915  154 steps/s
step    6,063  ep   440  avg_return(last 20)   -466.6  eps 0.808  loss 0.1988  150 steps/s
step    6,291  ep   460  avg_return(last 20)   -478.9  eps 0.801  loss 0.1829  147 steps/s
step    6,557  ep   480  avg_return(last 20)   -489.8  eps 0.792  loss 0.0892  144 steps/s
step    6,831  ep   500  avg_return(last 20)   -479.2  eps 0.784  loss 0.1148  141 steps/s
step    7,115  ep   520  avg_return(last 20)   -488.7  eps 0.775  loss 0.1327  131 steps/s
step    7,373  ep   540  avg_return(last 20)   -488.9  eps 0.767  loss 0.0878  122 steps/s
step    7,602  ep   560  avg_return(last 20)   -487.4  eps 0.759  loss 0.0742  117 steps/s
step    7,907  ep   580  avg_return(last 20)   -485.8  eps 0.750  loss 0.1817  116 steps/s
step    8,174  ep   600  avg_return(last 20)   -485.9  eps 0.741  loss 0.1047  110 steps/s
step    8,489  ep   620  avg_return(last 20)   -477.8  eps 0.731  loss 0.1011  108 steps/s
step    8,770  ep   640  avg_return(last 20)   -489.1  eps 0.722  loss 0.0735  107 steps/s
step    9,063  ep   660  avg_return(last 20)   -484.6  eps 0.713  loss 0.0701  104 steps/s
step    9,343  ep   680  avg_return(last 20)   -490.5  eps 0.704  loss 0.0671  99 steps/s
step    9,629  ep   700  avg_return(last 20)   -485.3  eps 0.695  loss 0.0638  98 steps/s
step    9,926  ep   720  avg_return(last 20)   -478.9  eps 0.686  loss 0.1523  98 steps/s
  [eval @ 10,000] mean_score -460.0  win_rate 0%  mean_len 11  *best*
step   10,258  ep   740  avg_return(last 20)   -475.6  eps 0.675  loss 0.0529  97 steps/s
step   10,542  ep   760  avg_return(last 20)   -467.7  eps 0.666  loss 0.0945  97 steps/s
step   10,831  ep   780  avg_return(last 20)   -469.4  eps 0.657  loss 0.1883  97 steps/s
step   11,085  ep   800  avg_return(last 20)   -482.2  eps 0.649  loss 0.2855  97 steps/s
step   11,337  ep   820  avg_return(last 20)   -472.6  eps 0.641  loss 0.2759  97 steps/s
step   11,625  ep   840  avg_return(last 20)   -465.9  eps 0.632  loss 0.1805  97 steps/s
step   11,997  ep   860  avg_return(last 20)   -455.1  eps 0.620  loss 0.1767  97 steps/s
step   12,336  ep   880  avg_return(last 20)   -460.4  eps 0.609  loss 0.1220  97 steps/s
step   12,603  ep   900  avg_return(last 20)   -456.4  eps 0.601  loss 0.1635  97 steps/s
step   12,929  ep   920  avg_return(last 20)   -455.3  eps 0.591  loss 0.2509  97 steps/s
step   13,212  ep   940  avg_return(last 20)   -456.6  eps 0.582  loss 0.2484  97 steps/s
step   13,560  ep   960  avg_return(last 20)   -447.9  eps 0.571  loss 0.2113  97 steps/s
step   13,845  ep   980  avg_return(last 20)   -446.8  eps 0.562  loss 0.0981  96 steps/s
step   14,134  ep  1000  avg_return(last 20)   -449.9  eps 0.552  loss 0.1757  96 steps/s
step   14,498  ep  1020  avg_return(last 20)   -441.7  eps 0.541  loss 0.2373  96 steps/s
step   14,830  ep  1040  avg_return(last 20)   -445.1  eps 0.530  loss 0.3049  96 steps/s
step   15,196  ep  1060  avg_return(last 20)   -432.8  eps 0.519  loss 0.3579  96 steps/s
step   15,637  ep  1080  avg_return(last 20)   -425.1  eps 0.505  loss 0.1023  96 steps/s
step   16,007  ep  1100  avg_return(last 20)   -441.0  eps 0.493  loss 0.3271  96 steps/s
step   16,524  ep  1120  avg_return(last 20)   -411.4  eps 0.477  loss 0.1745  96 steps/s
step   17,047  ep  1140  avg_return(last 20)   -418.6  eps 0.460  loss 0.0936  96 steps/s
step   17,536  ep  1160  avg_return(last 20)   -406.4  eps 0.445  loss 0.1554  96 steps/s
step   18,139  ep  1180  avg_return(last 20)   -401.6  eps 0.426  loss 0.3258  96 steps/s
step   18,524  ep  1200  avg_return(last 20)   -425.8  eps 0.413  loss 0.1722  96 steps/s
step   19,015  ep  1220  avg_return(last 20)   -429.1  eps 0.398  loss 0.2601  96 steps/s
step   19,587  ep  1240  avg_return(last 20)   -412.6  eps 0.380  loss 0.1850  96 steps/s
  [eval @ 20,000] mean_score -337.5  win_rate 0%  mean_len 51  *best*
step   20,094  ep  1260  avg_return(last 20)   -417.9  eps 0.364  loss 0.1449  95 steps/s
step   20,788  ep  1280  avg_return(last 20)   -402.7  eps 0.342  loss 0.1694  95 steps/s
step   21,385  ep  1300  avg_return(last 20)   -419.9  eps 0.323  loss 0.2111  95 steps/s
step   21,908  ep  1320  avg_return(last 20)   -404.6  eps 0.306  loss 0.1050  95 steps/s
step   22,545  ep  1340  avg_return(last 20)   -383.4  eps 0.286  loss 0.1887  95 steps/s
step   23,237  ep  1360  avg_return(last 20)   -396.1  eps 0.264  loss 0.1194  95 steps/s
step   23,933  ep  1380  avg_return(last 20)   -392.8  eps 0.242  loss 0.0701  95 steps/s
step   24,514  ep  1400  avg_return(last 20)   -396.1  eps 0.224  loss 0.1045  94 steps/s
step   25,134  ep  1420  avg_return(last 20)   -381.5  eps 0.204  loss 0.1098  94 steps/s
step   26,262  ep  1440  avg_return(last 20)   -313.9  eps 0.168  loss 0.1171  94 steps/s
step   27,189  ep  1460  avg_return(last 20)   -338.9  eps 0.139  loss 0.1532  94 steps/s
step   28,188  ep  1480  avg_return(last 20)   -306.4  eps 0.107  loss 0.1180  94 steps/s
step   29,353  ep  1500  avg_return(last 20)   -324.8  eps 0.070  loss 0.1117  93 steps/s
  [eval @ 30,000] mean_score -275.5  win_rate 0%  mean_len 63  *best*
step   30,562  ep  1520  avg_return(last 20)   -337.4  eps 0.050  loss 0.1198  93 steps/s
step   31,566  ep  1540  avg_return(last 20)   -346.7  eps 0.050  loss 0.0994  93 steps/s
step   32,621  ep  1560  avg_return(last 20)   -324.2  eps 0.050  loss 0.0891  93 steps/s
step   33,621  ep  1580  avg_return(last 20)   -339.5  eps 0.050  loss 0.0962  93 steps/s
step   34,686  ep  1600  avg_return(last 20)   -341.2  eps 0.050  loss 0.0869  93 steps/s
step   35,642  ep  1620  avg_return(last 20)   -366.8  eps 0.050  loss 0.0789  92 steps/s
step   36,873  ep  1640  avg_return(last 20)   -329.1  eps 0.050  loss 0.0890  92 steps/s
step   37,865  ep  1660  avg_return(last 20)   -332.1  eps 0.050  loss 0.0914  92 steps/s
step   39,081  ep  1680  avg_return(last 20)   -325.8  eps 0.050  loss 0.1246  92 steps/s
  [eval @ 40,000] mean_score -239.0  win_rate 0%  mean_len 59  *best*
step   40,377  ep  1700  avg_return(last 20)   -311.3  eps 0.050  loss 0.0801  92 steps/s
step   41,526  ep  1720  avg_return(last 20)   -286.9  eps 0.050  loss 0.0959  92 steps/s
step   42,696  ep  1740  avg_return(last 20)   -293.5  eps 0.050  loss 0.0738  91 steps/s
step   44,088  ep  1760  avg_return(last 20)   -280.6  eps 0.050  loss 0.0970  91 steps/s
device=cpu  maze=small 11x13  ghosts=1  params=1,232,053
resuming from step 40,000 (episode 1693, best eval score -239.0)
step   40,440  ep  1700  avg_return(last 20)   -301.4  eps 0.050  loss nan  1,201 steps/s
step   41,702  ep  1720  avg_return(last 20)   -279.6  eps 0.050  loss nan  1,240 steps/s
step   42,899  ep  1740  avg_return(last 20)   -295.4  eps 0.050  loss 0.0435  199 steps/s
step   44,046  ep  1760  avg_return(last 20)   -289.9  eps 0.050  loss 0.0550  133 steps/s
step   45,291  ep  1780  avg_return(last 20)   -267.8  eps 0.050  loss 0.0533  111 steps/s
step   46,548  ep  1800  avg_return(last 20)   -232.8  eps 0.050  loss 0.0378  99 steps/s
step   47,905  ep  1820  avg_return(last 20)   -216.3  eps 0.050  loss 0.0386  93 steps/s
step   49,279  ep  1840  avg_return(last 20)   -244.7  eps 0.050  loss 0.0384  89 steps/s
  [eval @ 50,000] mean_score -205.0  win_rate 0%  mean_len 58  *best*
step   50,413  ep  1860  avg_return(last 20)   -313.2  eps 0.050  loss 0.0389  86 steps/s
step   51,711  ep  1880  avg_return(last 20)   -247.4  eps 0.050  loss 0.0484  84 steps/s
step   53,111  ep  1900  avg_return(last 20)   -190.5  eps 0.050  loss 0.0456  82 steps/s
step   54,387  ep  1920  avg_return(last 20)   -210.3  eps 0.050  loss 0.0454  80 steps/s
step   55,962  ep  1940  avg_return(last 20)   -148.8  eps 0.050  loss 0.0484  79 steps/s
step   57,745  ep  1960  avg_return(last 20)   -124.7  eps 0.050  loss 0.0330  78 steps/s
step   59,390  ep  1980  avg_return(last 20)   -156.2  eps 0.050  loss 0.0464  78 steps/s
  [eval @ 60,000] mean_score -38.5  win_rate 0%  mean_len 82  *best*
